{
    "status": {
        "id": "dbc45dce-611a-49a8-bd76-7afda76a1e24",
        "metadata": {
            "owner": "a0dfe7e6-351b-4fd8-80c2-5ed45814f44a",
            "meta_id": "gray-lemming-0wlyvzy5",
            "started_at": {
                "seconds": 1622467314
            }
        },
        "spec": {
            "workspace_image": "eu.gcr.io/gitpod-core-dev/registry/workspace-images:81c4fb602a540d261f210cfc8ba0435b63b24238c1762ec029d8edaec816afb6",
            "ide_image": "eu.gcr.io/gitpod-core-dev/build/ide/code:gpl-headless-log-wsman.25",
            "headless": true,
            "url": "https://gray-lemming-0wlyvzy5.ws-dev.gpl-headless-log-wsman.staging.gitpod-dev.com",
            "type": 1
        },
        "phase": 1,
        "conditions": {
            "deployed": 1
        },
        "message": "pod is pending",
        "runtime": {
            "pod_name": "prebuild-dbc45dce-611a-49a8-bd76-7afda76a1e24"
        },
        "auth": {
            "owner_token": "y5-JYhqDzGGprABkr36-fTas8PCeA4sZ"
        }
    }
}